模式: 写库   批大小: 10   起始偏移: 0
待处理文件数: 5900

[1/5900] 00004831ff658fc17170dc052f8c6467  锚点 12 -> 12  页码范围 1-2 -> 1-2  表格改页 0  分块改页 0
[2/5900] 000374b845c3fa4b7c0a924ea2232cb9  锚点 15 -> 15  页码范围 1-2 -> 1-2  表格改页 0  分块改页 0
[3/5900] 00127b0db2fb5090d41b9832437a47d7  锚点 12 -> 12  页码范围 1-2 -> 1-2  表格改页 0  分块改页 0
[4/5900] 001a227872777c4bebb30151da1c1426  锚点 1604 -> 2804  页码范围 1-588 -> 1-588  表格改页 137  分块改页 669
[5/5900] 00284a9bb0c21c26ebace2cb13ed89fd  锚点 1018 -> 1320  页码范围 2-284 -> 2-284  表格改页 30  分块改页 836
[6/5900] 00467a3e104d027de8a3fcf86f1453af  锚点 3 -> 3  页码范围 1-1 -> 1-1  表格改页 0  分块改页 0
[7/5900] 00498b64195c0246e9551ddd8f630a05  锚点 12 -> 12  页码范围 1-2 -> 1-2  表格改页 0  分块改页 0
[8/5900] 004c55f375bbea523588d96b8aaa520e  锚点 1 -> 1  页码范围 1-1 -> 1-1  表格改页 0  分块改页 0
[9/5900] 004d3dac49fad64f9def3057b05d14f7  锚点 1 -> 1  页码范围 1-1 -> 1-1  表格改页 0  分块改页 0
[10/5900] 0052eaba5c7b760680d231ccafb6e497  锚点 921 -> 2060  页码范围 1-367 -> 1-367  表格改页 49  分块改页 270
[11/5900] 007a4f1dab4228738c6cbe7655288973  锚点 15 -> 18  页码范围 1-32 -> 1-32  表格改页 0  分块改页 0
[12/5900] 00829e6467d26a1db490172fe2b5a8ea  锚点 4 -> 4  页码范围 1-1 -> 1-1  表格改页 0  分块改页 0
[13/5900] 00912fce24f9795f2ee643f52c929c96  锚点 1796 -> 1850  页码范围 1-242 -> 1-242  表格改页 1  分块改页 4
[14/5900] 00a381febcb087aeaa6ba9eadad15d43  锚点 16 -> 16  页码范围 1-3 -> 1-3  表格改页 0  分块改页 0
[15/5900] 00a95fb99a305cd4d4a9b4885b1b5df2  锚点 54 -> 54  页码范围 1-13 -> 1-13  表格改页 0  分块改页 0
[16/5900] 00b5d7c068faf1c5c40ca64712cd437b  锚点 1169 -> 2506  页码范围 1-325 -> 1-325  表格改页 121  分块改页 308
[17/5900] 00bf34e77d7cea75e4043c7afb6fc534  锚点 408 -> 660  页码范围 1-130 -> 1-130  表格改页 20  分块改页 62
[18/5900] 00c32fed68309fb14810bc2f311a913a  锚点 15 -> 15  页码范围 1-2 -> 1-2  表格改页 0  分块改页 0
[19/5900] 00cc09b44c09653b71194d41a2836600  锚点 12 -> 12  页码范围 1-2 -> 1-2  表格改页 0  分块改页 0
[20/5900] 00cc24242760c1a1fb6ecc4347ea2a84  锚点 12 -> 12  页码范围 1-2 -> 1-2  表格改页 0  分块改页 0
[21/5900] 00d72f376fb50512bc113ea26300e1e4  锚点 12 -> 12  页码范围 1-2 -> 1-2  表格改页 0  分块改页 0
[22/5900] 00ea12d2b22a08643a910c65e6916951  锚点 3 -> 3  页码范围 1-1 -> 1-1  表格改页 0  分块改页 0
[23/5900] 010017938b24d1491611f68ad8c71909  锚点 205 -> 238  页码范围 2-40 -> 2-40  表格改页 0  分块改页 1
[25/5900] 011c75fa6e2fbd005bab664281530ad1  锚点 11 -> 11  页码范围 1-2 -> 1-2  表格改页 0  分块改页 0
[26/5900] 01200ef4b79f3c7e49cd7a35b7d7042c  锚点 15 -> 15  页码范围 1-2 -> 1-2  表格改页 0  分块改页 0
[27/5900] 0123885781baf8e01ef02359103d0922  锚点 29 -> 30  页码范围 1-6 -> 1-6  表格改页 0  分块改页 0
[28/5900] 012de07f6ead5b61d6b9eee62f591169  锚点 12 -> 12  页码范围 1-2 -> 1-2  表格改页 0  分块改页 0
[29/5900] 013ff4dc780dac9af7ee984ac3fa4b25  锚点 12 -> 12  页码范围 1-2 -> 1-2  表格改页 0  分块改页 0
[30/5900] 0149fe88ca6e21bd98acced8a39b726a  锚点 8 -> 8  页码范围 1-4 -> 1-4  表格改页 0  分块改页 0
[31/5900] 0154bc4fe9a092cb852c748810d84bea  锚点 3 -> 3  页码范围 1-1 -> 1-1  表格改页 0  分块改页 0
[32/5900] 015f7352ebff981b876bdf324cdec395  锚点 15 -> 15  页码范围 1-2 -> 1-2  表格改页 0  分块改页 0
[33/5900] 016345f661af6365c3a572f720f3fe33  锚点 781 -> 1395  页码范围 1-338 -> 1-338  表格改页 29  分块改页 257
[34/5900] 016c03a11d356e492d2053e1f53ac66e  锚点 84 -> 110  页码范围 1-22 -> 1-22  表格改页 0  分块改页 2
[35/5900] 0180475e037e2ee962a8ec684408aeef  锚点 6 -> 6  页码范围 1-1 -> 1-1  表格改页 0  分块改页 0
[36/5900] 0187339550272c3d66a2a3f6f70fd54c  锚点 1 -> 1  页码范围 1-1 -> 1-1  表格改页 0  分块改页 0
[38/5900] 019822023109b21d6bb5885f713d5f75  锚点 1166 -> 1335  页码范围 1-225 -> 1-225  表格改页 10  分块改页 34
[39/5900] 01a32467505ff03e687d64ad3f102c86  锚点 883 -> 971  页码范围 1-132 -> 1-132  表格改页 2  分块改页 7
[40/5900] 01a7f9cd3eb971ff89b98c34d2c024cf  锚点 1110 -> 1466  页码范围 2-274 -> 2-274  表格改页 7  分块改页 110
[41/5900] 01d2813a43724f939d76ce9348964fe8  锚点 1 -> 1  页码范围 1-1 -> 1-1  表格改页 0  分块改页 0
[42/5900] 01e237a80018c5343adbc7e9b34b1ceb  锚点 10 -> 10  页码范围 1-3 -> 1-3  表格改页 0  分块改页 0
[43/5900] 01e6797b22d3cbdc25f9d7fa3db5234e  锚点 424 -> 488  页码范围 1-75 -> 1-75  表格改页 4  分块改页 11
[44/5900] 01e6f3984fd3069bf64f266e61c4da7d  锚点 29 -> 30  页码范围 1-6 -> 1-6  表格改页 0  分块改页 0
[46/5900] 0203dd41b7d927dd459f0ac16e1c1fb4  锚点 4 -> 4  页码范围 1-1 -> 1-1  表格改页 0  分块改页 0
[47/5900] 021cb33c26934e72b6c26df6e3b97755  锚点 19 -> 19  页码范围 1-4 -> 1-4  表格改页 0  分块改页 0
[48/5900] 021ed076402761be9c9316f6209b2fe8  锚点 12 -> 12  页码范围 1-2 -> 1-2  表格改页 0  分块改页 0
[49/5900] 02316c5cc6a4f9c8f5c1e132aaf48d41  锚点 12 -> 12  页码范围 1-2 -> 1-2  表格改页 0  分块改页 0
[50/5900] 02318696deca0224b73011ad18b3f760  锚点 9 -> 10  页码范围 1-2 -> 1-2  表格改页 0  分块改页 0
[51/5900] 0234e1f6a688e4004b5255f58cf6d987  锚点 1143 -> 1254  页码范围 1-144 -> 1-144  表格改页 0  分块改页 8
[52/5900] 023f9b08c7bb2c42e731b5bd0f62281e  锚点 29 -> 30  页码范围 1-6 -> 1-6  表格改页 0  分块改页 0
[53/5900] 02440079fbc260684bdda8a3af24a2e8  锚点 388 -> 421  页码范围 1-77 -> 1-77  表格改页 0  分块改页 3
[54/5900] 024f92a1f67d48d5a44fe94ad8feaf95  锚点 2 -> 2  页码范围 1-1 -> 1-1  表格改页 0  分块改页 0
[55/5900] 025e617ead398122985a5cde58f5b84b  锚点 1376 -> 1485  页码范围 1-315 -> 1-315  表格改页 0  分块改页 4
[56/5900] 0262c959ed4f719bdb37dc372626047e  锚点 15 -> 15  页码范围 1-2 -> 1-2  表格改页 0  分块改页 0
[57/5900] 0283b8110c0e835e8d441b21b39493e4  锚点 55 -> 55  页码范围 1-15 -> 1-15  表格改页 0  分块改页 0
[58/5900] 02a057fbd4aa547c1a8b049916289bbc  锚点 3 -> 3  页码范围 1-1 -> 1-1  表格改页 0  分块改页 0
[60/5900] 02b165d0c1eba49f68c46a8c65a0d9e0  锚点 1 -> 1  页码范围 1-1 -> 1-1  表格改页 0  分块改页 0
[61/5900] 02bbda09be8c9e6ebcb621391d76c4a1  锚点 3 -> 3  页码范围 1-1 -> 1-1  表格改页 0  分块改页 0
[62/5900] 02c9029cddc1056084b482660c3c4ad5  锚点 1 -> 1  页码范围 1-1 -> 1-1  表格改页 0  分块改页 0
[63/5900] 02d741b11ea779dc1de0af31f7cbaacb  锚点 11 -> 11  页码范围 1-2 -> 1-2  表格改页 0  分块改页 0
[64/5900] 02d797476fe08df62cad148587e9572e  锚点 1 -> 1  页码范围 1-1 -> 1-1  表格改页 0  分块改页 0
[66/5900] 02f1de4d7f029399486a778f59d40a7b  锚点 15 -> 18  页码范围 1-32 -> 1-32  表格改页 0  分块改页 0
[67/5900] 02f9ae4bcbd715fc4d086f9472db2be7  锚点 4 -> 4  页码范围 1-1 -> 1-1  表格改页 0  分块改页 0
[68/5900] 02fd39d1118c2874f1e3468c5a4e2430  锚点 12 -> 12  页码范围 1-2 -> 1-2  表格改页 0  分块改页 0
[69/5900] 0319968ab0f6a35b335793bc0dfcaf90  锚点 2 -> 2  页码范围 1-1 -> 1-1  表格改页 0  分块改页 0
[70/5900] 033a93608f1f35435ef108b0b8c99626  锚点 50 -> 63  页码范围 2-16 -> 2-16  表格改页 5  分块改页 11
[71/5900] 033fc8837d5f203fd51da16c0f0fb299  锚点 4 -> 4  页码范围 1-1 -> 1-1  表格改页 0  分块改页 0
[72/5900] 034d563a8fd7d451f57074da1ffccd7f  锚点 15 -> 15  页码范围 1-2 -> 1-2  表格改页 0  分块改页 0
[73/5900] 0360de6669a5344a5f122e034352c3e7  锚点 2 -> 2  页码范围 1-1 -> 1-1  表格改页 0  分块改页 0
[74/5900] 038c122ba8d17374c00b9e4fe2fbab07  锚点 780 -> 877  页码范围 3-110 -> 3-110  表格改页 0  分块改页 2
[75/5900] 038d4b8c4180fcb24a2932f1535da381  锚点 18 -> 18  页码范围 1-3 -> 1-3  表格改页 0  分块改页 0
[76/5900] 03991cec8dc0c0964442d2444d28ffc7  锚点 1 -> 1  页码范围 1-1 -> 1-1  表格改页 0  分块改页 0
[77/5900] 03e748ee3c28196a7d644daebd11448a  锚点 15 -> 15  页码范围 1-2 -> 1-2  表格改页 0  分块改页 0
[78/5900] 0405b86aa70b789b939143e9fc2c6692  锚点 15 -> 15  页码范围 1-2 -> 1-2  表格改页 0  分块改页 0
[79/5900] 04091290103116152f2aacb099945bba  锚点 4 -> 4  页码范围 1-1 -> 1-1  表格改页 0  分块改页 0
[80/5900] 041741c81582c9d9758844aa76fd6b10  锚点 9 -> 9  页码范围 1-2 -> 1-2  表格改页 0  分块改页 0
[81/5900] 04190e36f40d681b19b083c130cc1a29  锚点 15 -> 15  页码范围 1-2 -> 1-2  表格改页 0  分块改页 0
[82/5900] 041a3acbf59d59ad6a9ac92827fc4b2c  锚点 15 -> 18  页码范围 1-32 -> 1-32  表格改页 0  分块改页 0
[83/5900] 04233c3decb0cc5bbb65a61d40ec4510  锚点 2 -> 2  页码范围 1-1 -> 1-1  表格改页 0  分块改页 0
[84/5900] 0437e1e6b3c4723e20b25553ffab1c88  锚点 2 -> 2  页码范围 1-1 -> 1-1  表格改页 0  分块改页 0
[86/5900] 044c2d10483d935232bb4790798a89be  锚点 12 -> 12  页码范围 1-2 -> 1-2  表格改页 0  分块改页 0
[87/5900] 044d1e92ad8899b369ddefea319c03fc  锚点 15 -> 15  页码范围 1-2 -> 1-2  表格改页 0  分块改页 0
[88/5900] 045526e063d1bf1a7c975a7b7dc37171  锚点 29 -> 30  页码范围 1-6 -> 1-6  表格改页 0  分块改页 0
[89/5900] 046ba8c6fa623ff166319656b70eb773  锚点 7 -> 7  页码范围 1-1 -> 1-1  表格改页 0  分块改页 0
[90/5900] 04742558e31d624c7b47a0cf9da5c752  锚点 29 -> 30  页码范围 1-6 -> 1-6  表格改页 0  分块改页 0
[91/5900] 0486cfec28b2fcf5e8b96fd54cdbf4c2  锚点 13 -> 13  页码范围 1-3 -> 1-3  表格改页 0  分块改页 0
[92/5900] 04a2ef21dd1d6cf9b83ca65d671e1d6f  锚点 19 -> 19  页码范围 1-4 -> 1-4  表格改页 0  分块改页 0
[93/5900] 04a41530dab20f7baef262e43592de6d  锚点 2 -> 2  页码范围 1-1 -> 1-1  表格改页 0  分块改页 0
[94/5900] 04a9234b8d61575a5ab7ee61d03f9aa0  锚点 2904 -> 3012  页码范围 1-690 -> 1-690  表格改页 8  分块改页 196
[95/5900] 04b13471f4e8e5d7cce3f489e4e012b9  锚点 94 -> 95  页码范围 1-14 -> 1-14  表格改页 0  分块改页 0
[96/5900] 04c146e9429b6ead0b64f448472f41c8  锚点 15 -> 15  页码范围 1-2 -> 1-2  表格改页 0  分块改页 0
[97/5900] 04c3f0236f34426ceec395c89d63a8b1  锚点 94 -> 95  页码范围 1-14 -> 1-14  表格改页 0  分块改页 0
[98/5900] 04ccc2a06ff04de02ec5fd1c97efbb97  锚点 13 -> 14  页码范围 1-3 -> 1-3  表格改页 0  分块改页 0
[100/5900] 04edeebcaf57d0e44bcd4a38021ec9cb  锚点 1 -> 1  页码范围 1-1 -> 1-1  表格改页 0  分块改页 0
[101/5900] 04fc1375687ac9d8d33aab011e943f9d  锚点 12 -> 12  页码范围 1-2 -> 1-2  表格改页 0  分块改页 0
[102/5900] 050d9095e1fbdb1b07d7f28046081d90  锚点 12 -> 12  页码范围 1-2 -> 1-2  表格改页 0  分块改页 0
[103/5900] 051f36569096ff9d222c075328e77e24  锚点 9 -> 9  页码范围 1-2 -> 1-2  表格改页 0  分块改页 0
[104/5900] 0537d73da781c8732ffc574371b03b6a  锚点 2 -> 2  页码范围 1-1 -> 1-1  表格改页 0  分块改页 0
[105/5900] 0539c94613d154ca7ea8cc6ca260b6f0  锚点 773 -> 871  页码范围 3-106 -> 3-106  表格改页 0  分块改页 1
[106/5900] 054749dafb5013a14a5d35b01e6631d7  锚点 2 -> 2  页码范围 1-1 -> 1-1  表格改页 0  分块改页 0
[107/5900] 0547517ee3e51da922dd79a1b3874b0a  锚点 4 -> 4  页码范围 1-2 -> 1-2  表格改页 0  分块改页 0
[108/5900] 0550bb1404380ba2772ab6ba5ff8d69c  锚点 1271 -> 1440  页码范围 1-249 -> 1-249  表格改页 4  分块改页 16
[109/5900] 056231692c2ea9b3816b2afb791b7cf3  锚点 2 -> 2  页码范围 1-1 -> 1-1  表格改页 0  分块改页 0
[110/5900] 056d73d3ead2f22845ffb02a6f02ebc1  锚点 55 -> 55  页码范围 1-15 -> 1-15  表格改页 0  分块改页 0
[111/5900] 0575a681025e7267523d1759a6abe8be  锚点 16 -> 16  页码范围 1-2 -> 1-2  表格改页 0  分块改页 0
[112/5900] 05792013b6e2077553d4b227019174d7  锚点 6 -> 6  页码范围 1-1 -> 1-1  表格改页 0  分块改页 0
[113/5900] 05845fef2bc5551bc5539a4c526be955  锚点 4 -> 4  页码范围 1-1 -> 1-1  表格改页 0  分块改页 0
[114/5900] 059259c3f433c80b1bbdbd2828880e08  锚点 1 -> 1  页码范围 1-1 -> 1-1  表格改页 0  分块改页 0
[115/5900] 05946e5bbf0f00b0b6d82a67c2476d84  锚点 6 -> 6  页码范围 1-1 -> 1-1  表格改页 0  分块改页 0
[116/5900] 059656819029f48dc4c6105dd11c12bc  锚点 2 -> 2  页码范围 1-1 -> 1-1  表格改页 0  分块改页 0
[117/5900] 05993a2b0702f0125819802efbeb1942  锚点 4 -> 4  页码范围 1-1 -> 1-1  表格改页 0  分块改页 0
[118/5900] 05a4886b49ba6cf9fe8574b89f6f6d01  锚点 1 -> 1  页码范围 1-1 -> 1-1  表格改页 0  分块改页 0
[119/5900] 05ac932694c2c13c484f206f5403937f  锚点 4 -> 4  页码范围 1-1 -> 1-1  表格改页 0  分块改页 0
[120/5900] 05e33c55499a2f85bd3863901c8d746f  锚点 1 -> 1  页码范围 1-1 -> 1-1  表格改页 0  分块改页 0
[121/5900] 05e568a4fcb84e07a7ee80ede4a2c60f  锚点 12 -> 12  页码范围 1-2 -> 1-2  表格改页 0  分块改页 0
[122/5900] 05ed9c2b1091eb24d9ad7f0a2126595b  锚点 12 -> 12  页码范围 1-2 -> 1-2  表格改页 0  分块改页 0
[123/5900] 05f0c9d0592966ae438fabf0aafd2e11  锚点 1 -> 1  页码范围 1-1 -> 1-1  表格改页 0  分块改页 0
[124/5900] 05f71fb3463a470b6819dce46a455069  锚点 3 -> 3  页码范围 1-1 -> 1-1  表格改页 0  分块改页 0
[125/5900] 05fdb12a0da5acad75d6ac2f1dd41bf1  锚点 1160 -> 1332  页码范围 1-225 -> 1-225  表格改页 10  分块改页 36
[126/5900] 06081b72525e18286c06115f856a9705  锚点 3 -> 3  页码范围 1-1 -> 1-1  表格改页 0  分块改页 0
[127/5900] 060f0dfbe8aa49d585636e352307ac59  锚点 396 -> 717  页码范围 1-149 -> 1-149  表格改页 3  分块改页 20
[128/5900] 062583cbd4fd8ba28f2e3ea66e4b862f  锚点 14 -> 15  页码范围 1-2 -> 1-2  表格改页 0  分块改页 0
[129/5900] 062c3f593b7a653449bdde45ace2254a  锚点 2 -> 2  页码范围 1-1 -> 1-1  表格改页 0  分块改页 0
[130/5900] 0630fcff6185d95424c30439d0b4ef7e  锚点 2 -> 2  页码范围 1-1 -> 1-1  表格改页 0  分块改页 0
[131/5900] 063eac9675eb51e151764521f366aea9  锚点 5 -> 5  页码范围 1-1 -> 1-1  表格改页 0  分块改页 0
[132/5900] 0644ea74210bedb8bc044cc9085e7023  锚点 15 -> 15  页码范围 1-2 -> 1-2  表格改页 0  分块改页 0
[133/5900] 064674cac9ad1eebfec587040dd13a6b  锚点 19 -> 19  页码范围 1-4 -> 1-4  表格改页 0  分块改页 0
[134/5900] 0649bec4957e550d5b58849fce22f350  锚点 3 -> 3  页码范围 1-1 -> 1-1  表格改页 0  分块改页 0
[135/5900] 064c15d0cb2d625c37b27551d52e1921  锚点 12 -> 12  页码范围 1-2 -> 1-2  表格改页 0  分块改页 0
[136/5900] 064d7e40ec6b96b95549f834896281a8  锚点 7 -> 7  页码范围 1-1 -> 1-1  表格改页 0  分块改页 0
[137/5900] 06626c54d3fda1197835c77679955422  锚点 14 -> 14  页码范围 1-3 -> 1-3  表格改页 0  分块改页 0
[138/5900] 066320ba9fae69652c349ad7fa62e8ed  锚点 154 -> 223  页码范围 1-60 -> 1-61  表格改页 12  分块改页 33
[139/5900] 0663b98b106bc1d084964839af846dec  锚点 4 -> 4  页码范围 1-1 -> 1-1  表格改页 0  分块改页 0
[140/5900] 066cd9c43b2ed38358d2be3e8a3543d3  锚点 18 -> 18  页码范围 1-4 -> 1-4  表格改页 0  分块改页 0
[141/5900] 0689efb4f4b62d86f3ca8d3d26274c39  锚点 1 -> 1  页码范围 1-1 -> 1-1  表格改页 0  分块改页 0
[142/5900] 068df889bf01a75108012746c0421eeb  锚点 1 -> 1  页码范围 1-1 -> 1-1  表格改页 0  分块改页 0
[144/5900] 0699fc06e90f195257198fbe59917854  锚点 12 -> 12  页码范围 1-2 -> 1-2  表格改页 0  分块改页 0
[145/5900] 069babedc7ad985adabda2b660f8cf44  锚点 204 -> 238  页码范围 2-40 -> 2-40  表格改页 0  分块改页 2
[146/5900] 06a0fa2ff7266b94db76483dd525ada3  锚点 2 -> 2  页码范围 1-1 -> 1-1  表格改页 0  分块改页 0
[147/5900] 06a6999d8cdb4e981a3c42ce3ed0d7eb  锚点 4 -> 4  页码范围 1-1 -> 1-1  表格改页 0  分块改页 0
[148/5900] 06bc39acaa2d470603f053bfba872184  锚点 19 -> 19  页码范围 1-10 -> 1-10  表格改页 0  分块改页 0
[149/5900] 06cf75e231b3cf2c6c82597f23c3a254  锚点 774 -> 869  页码范围 3-106 -> 3-106  表格改页 0  分块改页 2
[150/5900] 06f05c82fbd1fa60337b455c0a2330ed  锚点 1 -> 1  页码范围 1-1 -> 1-1  表格改页 0  分块改页 0
[151/5900] 06f3af09c8ae49ad8d729a3eb5df5961  锚点 9 -> 10  页码范围 1-2 -> 1-2  表格改页 0  分块改页 0
[152/5900] 0700fd624ae8a8b2af6772261db8237a  锚点 1 -> 1  页码范围 1-1 -> 1-1  表格改页 0  分块改页 0
[153/5900] 070e99ac47731847a02ff2c826c8f480  锚点 2 -> 2  页码范围 1-1 -> 1-1  表格改页 0  分块改页 0
[154/5900] 072c5b080ebdfbe5a7aa802eb2ebdbbf  锚点 3 -> 3  页码范围 1-1 -> 1-1  表格改页 0  分块改页 0
[155/5900] 072e09e0eeb58ac5b86e7b97818ad522  锚点 15 -> 15  页码范围 1-2 -> 1-2  表格改页 0  分块改页 0
[156/5900] 07306be986fa819a48496c982291d7bf  锚点 1 -> 1  页码范围 1-1 -> 1-1  表格改页 0  分块改页 0
[157/5900] 07394c21086b044edfae4de990adc9b8  锚点 774 -> 869  页码范围 3-106 -> 3-106  表格改页 0  分块改页 2
[158/5900] 073a3b9e0a4a85231033bb9b5a22157c  锚点 15 -> 18  页码范围 1-32 -> 1-32  表格改页 0  分块改页 0
[159/5900] 074a4e7f7aab525eabaa2fb842a1f0d8  锚点 3 -> 3  页码范围 1-1 -> 1-1  表格改页 0  分块改页 0
[160/5900] 074b92854a4d85ee9d0e8eb56a1292e0  锚点 4 -> 4  页码范围 1-1 -> 1-1  表格改页 0  分块改页 0
[161/5900] 076adc6c3e5686243b19e5b9f8732a47  锚点 19 -> 19  页码范围 1-10 -> 1-10  表格改页 0  分块改页 0
[162/5900] 076b4cfdd2bc8770aa6435d6a018e5c1  锚点 6 -> 6  页码范围 1-1 -> 1-1  表格改页 0  分块改页 0
[163/5900] 07852bfa77231b91067e5df764dd7a0e  锚点 337 -> 337  页码范围 1-107 -> 1-107  表格改页 0  分块改页 0
[164/5900] 078f5bfdd346547457b3a558aa92f771  锚点 2 -> 2  页码范围 1-1 -> 1-1  表格改页 0  分块改页 0
[165/5900] 0799e35b80c3eb62d6564723d1cd760a  锚点 774 -> 869  页码范围 3-106 -> 3-106  表格改页 0  分块改页 2
[166/5900] 079efe545145bb79ae18d32a8fe90434  锚点 19 -> 19  页码范围 1-3 -> 1-3  表格改页 0  分块改页 0
[167/5900] 07b142633c0214b5578025804957eca2  锚点 2 -> 2  页码范围 1-1 -> 1-1  表格改页 0  分块改页 0
[168/5900] 07bea3e53bd33b19f61144f812227c85  锚点 9 -> 9  页码范围 1-2 -> 1-2  表格改页 0  分块改页 0
[169/5900] 07c4ea72c5ed3644b46e39a6e5724ac4  锚点 1 -> 1  页码范围 1-1 -> 1-1  表格改页 0  分块改页 0
[170/5900] 07d024548bfc3490c8cb1b431ed5d9cd  锚点 3 -> 3  页码范围 1-1 -> 1-1  表格改页 0  分块改页 0
[172/5900] 07df641571a7a4c329ad9f18a908f7eb  锚点 15 -> 18  页码范围 1-32 -> 1-32  表格改页 0  分块改页 0
[173/5900] 07e7d28e98378c3d8f7ba585e3c7a1b1  锚点 15 -> 15  页码范围 1-2 -> 1-2  表格改页 0  分块改页 0
[174/5900] 07edf11e10ab562d94c102b61e3c8cf1  锚点 15 -> 18  页码范围 1-32 -> 1-32  表格改页 0  分块改页 0
[175/5900] 0816e739ed3ff794397fc368f9869cd6  锚点 17 -> 20  页码范围 1-32 -> 1-32  表格改页 0  分块改页 0
[176/5900] 081a1ee58e8990b57391726771dbc628  锚点 774 -> 869  页码范围 3-106 -> 3-106  表格改页 0  分块改页 2
[177/5900] 08293e66fb07f086a1dd0f1532cca541  锚点 4 -> 4  页码范围 1-1 -> 1-1  表格改页 0  分块改页 0
[178/5900] 083f315f71a424fa8f68d3e07d265d16  锚点 27 -> 28  页码范围 1-6 -> 1-6  表格改页 0  分块改页 0
[179/5900] 0858525f62e4daa06047d408eef59cce  锚点 12 -> 12  页码范围 1-2 -> 1-2  表格改页 0  分块改页 0
[180/5900] 085aadeda58a47bbd832f9ef99231514  锚点 15 -> 15  页码范围 1-2 -> 1-2  表格改页 0  分块改页 0
[181/5900] 086f0da65a14fe799ac932afe32779aa  锚点 15 -> 15  页码范围 1-2 -> 1-2  表格改页 0  分块改页 0
[182/5900] 087259c4caf75299399d299b17a68bba  锚点 15 -> 15  页码范围 1-2 -> 1-2  表格改页 0  分块改页 0
[183/5900] 08739bbd03110e93a1fb7deebd75b128  锚点 38 -> 38  页码范围 1-10 -> 1-10  表格改页 0  分块改页 0
[184/5900] 08946c63f1d8ee747c53fc94721799e1  锚点 1 -> 1  页码范围 1-1 -> 1-1  表格改页 0  分块改页 0
[186/5900] 08be25856fb52717e29bc4ba14e8fd1b  锚点 12 -> 12  页码范围 1-2 -> 1-2  表格改页 0  分块改页 0
[187/5900] 08be33c4fc5795fe87fcbf9b93c28611  锚点 3 -> 3  页码范围 1-1 -> 1-1  表格改页 0  分块改页 0
[188/5900] 08c477360294defec41915a37ffcd836  锚点 11 -> 13  页码范围 1-4 -> 1-4  表格改页 0  分块改页 0
[189/5900] 08c71cf0bd11714acb02b543ed860e6d  锚点 12 -> 12  页码范围 1-2 -> 1-2  表格改页 0  分块改页 0
[190/5900] 08c8b06f7900afab4d6c86b4a9570485  锚点 12 -> 12  页码范围 1-2 -> 1-2  表格改页 0  分块改页 0
[191/5900] 08ca86f35b5132250f06d1d26236fdf4  锚点 690 -> 793  页码范围 2-188 -> 2-188  表格改页 1  分块改页 10
[192/5900] 08f4dce97c7ff24dc7010a5997465b70  锚点 3 -> 3  页码范围 1-1 -> 1-1  表格改页 0  分块改页 0
[193/5900] 08f9644f01406dc47aeda0a7f5efd0f3  锚点 15 -> 15  页码范围 1-2 -> 1-2  表格改页 0  分块改页 0
[194/5900] 08fd88db626eefa650148999b31ecaf3  锚点 18 -> 18  页码范围 1-4 -> 1-4  表格改页 0  分块改页 0
[195/5900] 0901629f62a99232026900f75f2df731  锚点 15 -> 15  页码范围 1-3 -> 1-3  表格改页 0  分块改页 0
[196/5900] 0903b73939e17d3f20d14c96b879609b  锚点 1286 -> 1412  页码范围 2-372 -> 2-375  表格改页 14  分块改页 175
[198/5900] 0911b78c5d9af647023fb913c048bd33  锚点 9 -> 10  页码范围 1-2 -> 1-2  表格改页 0  分块改页 0
[199/5900] 092e359427ab23f61405a5eff514e29a  锚点 94 -> 95  页码范围 1-14 -> 1-14  表格改页 0  分块改页 0
[200/5900] 094842b56a5aaa256c1b1ec7081747a4  锚点 1 -> 1  页码范围 1-1 -> 1-1  表格改页 0  分块改页 0
  ... 进度 200/5900（3%） 变更 189  失败 0
[201/5900] 0959d6eb6be6980623c17dbe4c4c8bad  锚点 2 -> 2  页码范围 1-1 -> 1-1  表格改页 0  分块改页 0
[202/5900] 095c5b4d81227256ab9521aa73cec2f7  锚点 1 -> 1  页码范围 1-1 -> 1-1  表格改页 0  分块改页 0
[203/5900] 096e5d54034ef726dc905fa0aa79f24c  锚点 2 -> 2  页码范围 1-1 -> 1-1  表格改页 0  分块改页 0
[204/5900] 097e9d56978dce25d51508f007eb35dc  锚点 2 -> 2  页码范围 1-1 -> 1-1  表格改页 0  分块改页 0
[205/5900] 09834bf8913a2073a4957bd74431a585  锚点 3 -> 3  页码范围 1-1 -> 1-1  表格改页 0  分块改页 0
[206/5900] 099f807fa99b8edc7aa82ce492b3d670  锚点 2 -> 2  页码范围 1-1 -> 1-1  表格改页 0  分块改页 0
[207/5900] 09a10f467ed92748324688dd4c28e4de  锚点 1 -> 1  页码范围 1-1 -> 1-1  表格改页 0  分块改页 0
[208/5900] 09a3041a24fa5da3b3fcf6be68a3a668  锚点 2 -> 2  页码范围 1-1 -> 1-1  表格改页 0  分块改页 0
[209/5900] 09a8afe4b3a79af0382134da775c58aa  锚点 12 -> 12  页码范围 1-2 -> 1-2  表格改页 0  分块改页 0
[210/5900] 09ae68eca85603ff7a660edc4587ecff  锚点 1 -> 1  页码范围 1-1 -> 1-1  表格改页 0  分块改页 0
[211/5900] 09aec2bf921dab79badadaaa4a807b91  锚点 1117 -> 1479  页码范围 2-274 -> 2-274  表格改页 7  分块改页 112
[213/5900] 09c1db1159468739183c2132ea4677f3  锚点 15 -> 18  页码范围 1-32 -> 1-32  表格改页 0  分块改页 0
[214/5900] 09cc0cfe19e7298b28b1d26ed4140679  锚点 3 -> 3  页码范围 1-1 -> 1-1  表格改页 0  分块改页 0
[215/5900] 09d7ca9336af16aa32ccf4bcd5aa6d2b  锚点 29 -> 30  页码范围 1-6 -> 1-6  表格改页 0  分块改页 0
[216/5900] 09ea8efde63a5e963dcb41f6e38b8fee  锚点 1 -> 1  页码范围 1-1 -> 1-1  表格改页 0  分块改页 0
[217/5900] 09efd41ab4a45b08fddd8f2ff58f2236  锚点 13 -> 13  页码范围 1-3 -> 1-3  表格改页 0  分块改页 0
[218/5900] 09f0dc39d59d36b8c47f9a298a731ca4  锚点 15 -> 15  页码范围 1-2 -> 1-2  表格改页 0  分块改页 0
[219/5900] 09faa5a316a00046b55c2c2600f0d873  锚点 4 -> 4  页码范围 1-1 -> 1-1  表格改页 0  分块改页 0
[220/5900] 0a04cc851a01e4245fde7863e26afb00  锚点 15 -> 15  页码范围 1-2 -> 1-2  表格改页 0  分块改页 0
[221/5900] 0a0722b32011e36fd3f43178b9ed4f88  锚点 4 -> 4  页码范围 1-1 -> 1-1  表格改页 0  分块改页 0
[222/5900] 0a0a905d5cfd03bff4e54f0a9a00312e  锚点 2 -> 2  页码范围 1-1 -> 1-1  表格改页 0  分块改页 0
[223/5900] 0a0c731bfb8cb154b269720c2d8071c2  锚点 185 -> 271  页码范围 1-47 -> 1-47  表格改页 1  分块改页 3
[224/5900] 0a0fce40972161d3057a6f0657e83b3d  锚点 15 -> 18  页码范围 1-32 -> 1-32  表格改页 0  分块改页 0
[225/5900] 0a20c55919c9945f66197487b5c7bc29  锚点 4 -> 4  页码范围 1-1 -> 1-1  表格改页 0  分块改页 0
[226/5900] 0a2673c3ceeafb48d87cd09416003cbd  锚点 28 -> 37  页码范围 1-6 -> 1-6  表格改页 0  分块改页 0
[227/5900] 0a276f8e94a53d58ffec03937d0c1e36  锚点 2 -> 2  页码范围 1-1 -> 1-1  表格改页 0  分块改页 0
[228/5900] 0a2d18676b14cde8220eb61c2536efc6  锚点 1027 -> 1094  页码范围 1-258 -> 1-258  表格改页 14  分块改页 26
[229/5900] 0a2db7ea6a031b9a3a90e0ef36ecbd01  锚点 1 -> 1  页码范围 1-1 -> 1-1  表格改页 0  分块改页 0
[230/5900] 0a30ae686a135f4e0ec9e8f0e70e695d  锚点 12 -> 12  页码范围 1-2 -> 1-2  表格改页 0  分块改页 0
[231/5900] 0a3e268079fc8d1ac96d0a650d746f94  锚点 4 -> 4  页码范围 1-1 -> 1-1  表格改页 0  分块改页 0
[232/5900] 0a3e7bdea03dffa52fe0041ca59a320c  锚点 11 -> 13  页码范围 1-4 -> 1-4  表格改页 0  分块改页 0
[233/5900] 0a445c1b73a0c6b90f6b27229897f47c  锚点 15 -> 18  页码范围 1-32 -> 1-32  表格改页 0  分块改页 0
[234/5900] 0a5186e6a03c947da4deae86f3a32399  锚点 27 -> 28  页码范围 1-6 -> 1-6  表格改页 0  分块改页 0
[236/5900] 0a579631a61781bb5fa7c5cd3f673da6  锚点 3 -> 3  页码范围 1-1 -> 1-1  表格改页 0  分块改页 0
[237/5900] 0a7662c1ba5e4a0910e38e06a3a8d4c0  锚点 12 -> 12  页码范围 1-2 -> 1-2  表格改页 0  分块改页 0
[238/5900] 0a77e5659334fec6e61bda5d7f2986e1  锚点 12 -> 13  页码范围 1-2 -> 1-2  表格改页 0  分块改页 1
[239/5900] 0a9c92e7ac7f3267efe8c1a47480ee24  锚点 15 -> 15  页码范围 1-2 -> 1-2  表格改页 0  分块改页 0
[240/5900] 0abaf2ce5665087aa350ffa58b2ac708  锚点 2 -> 2  页码范围 1-1 -> 1-1  表格改页 0  分块改页 0
[241/5900] 0abf2917a1f2506716249244e7c81263  锚点 703 -> 1249  页码范围 1-192 -> 1-192  表格改页 44  分块改页 128
[242/5900] 0ac0c9a65aeb7c385de7925ffe244b84  锚点 2 -> 2  页码范围 1-1 -> 1-1  表格改页 0  分块改页 0
[243/5900] 0ac73b0ca0e641467135069e0abac86a  锚点 903 -> 1010  页码范围 1-175 -> 1-175  表格改页 9  分块改页 28
[244/5900] 0adf06fa69adcb165574006a5472fcf5  锚点 2 -> 2  页码范围 1-1 -> 1-1  表格改页 0  分块改页 0
[245/5900] 0b0f10e9a17cf27f7754c5c8dbc8eb8c  锚点 9 -> 10  页码范围 1-2 -> 1-2  表格改页 0  分块改页 0
[246/5900] 0b174b8b0fe5d8ed7c7bf9eafdef0e6c  锚点 593 -> 667  页码范围 1-138 -> 1-138  表格改页 2  分块改页 13
[247/5900] 0b24ad6d5ee21c35c1206e68e8ef1c21  锚点 15 -> 15  页码范围 1-2 -> 1-2  表格改页 0  分块改页 0
[248/5900] 0b2f47f5419771b1c25cc412bb36e349  锚点 907 -> 1006  页码范围 1-175 -> 1-175  表格改页 8  分块改页 47
[249/5900] 0b3cc372b5e8f62808c90bdf738ec10e  锚点 11 -> 11  页码范围 1-2 -> 1-2  表格改页 0  分块改页 0
[250/5900] 0b4fb2d01bf8dffeb90bf0e968b37b7e  锚点 2 -> 2  页码范围 1-1 -> 1-1  表格改页 0  分块改页 0
[251/5900] 0b4ff78d081db4dff1e537a82c4add5f  锚点 12 -> 12  页码范围 1-2 -> 1-2  表格改页 0  分块改页 0
[252/5900] 0b5b503463b35b1853153d7e9a6fdacb  锚点 94 -> 95  页码范围 1-14 -> 1-14  表格改页 0  分块改页 0
[253/5900] 0b6b347119ee963cb7ae53c046f7d3ff  锚点 1 -> 1  页码范围 1-1 -> 1-1  表格改页 0  分块改页 0
[254/5900] 0ba1285de18342cfe246466ade38e9c4  锚点 1 -> 1  页码范围 1-1 -> 1-1  表格改页 0  分块改页 0
[255/5900] 0baa5d24170de5bb10bf217fd94b504e  锚点 2 -> 2  页码范围 1-1 -> 1-1  表格改页 0  分块改页 0
[256/5900] 0baad29bd57ca9fbbaac3e8dbd37959f  锚点 1 -> 1  页码范围 1-1 -> 1-1  表格改页 0  分块改页 0
[257/5900] 0bc4a9999df70772b4d707a3d5bac4c7  锚点 53 -> 53  页码范围 1-16 -> 1-16  表格改页 0  分块改页 0
[258/5900] 0bc4dd21ff49585f2954fbf9d61e9f45  锚点 15 -> 15  页码范围 1-2 -> 1-2  表格改页 0  分块改页 0
[259/5900] 0bd5357a6f676b4ca36920f3278e33f8  锚点 15 -> 15  页码范围 1-2 -> 1-2  表格改页 0  分块改页 0
[260/5900] 0bdfdb73a2173c8b4c56bd5d5bba3f4c  锚点 9 -> 10  页码范围 1-2 -> 1-2  表格改页 0  分块改页 0
[261/5900] 0be66a7c4fffbec8fbeea3bb78259bab  锚点 1 -> 1  页码范围 1-1 -> 1-1  表格改页 0  分块改页 0
[262/5900] 0c0accdd6fbf1ab6dd11d170d2da386f  锚点 2 -> 2  页码范围 1-1 -> 1-1  表格改页 0  分块改页 0
[263/5900] 0c19a39fe3d666e0b64d53dfcc510ec3  锚点 10 -> 10  页码范围 1-1 -> 1-1  表格改页 0  分块改页 0
[264/5900] 0c2b40c54afd330c7f6ff284aea0f506  锚点 3 -> 3  页码范围 1-1 -> 1-1  表格改页 0  分块改页 0
[265/5900] 0c2c8cf45bf482d83bc34175c2043b14  锚点 12 -> 12  页码范围 1-2 -> 1-2  表格改页 0  分块改页 0
[266/5900] 0c339d61d379ec049c4b1337b2c46dba  锚点 15 -> 18  页码范围 1-32 -> 1-32  表格改页 0  分块改页 0
[267/5900] 0c3a18a15726c340af1825784720dcd7  锚点 2 -> 2  页码范围 1-1 -> 1-1  表格改页 0  分块改页 0
[268/5900] 0c3a686ee0ea499462c9c1744a811f0b  锚点 3514 -> 3826  页码范围 1-909 -> 1-909  表格改页 31  分块改页 258
[269/5900] 0c41eba598533d2f44bfd8d407496739  锚点 12 -> 12  页码范围 1-2 -> 1-2  表格改页 0  分块改页 0
[270/5900] 0c579c66d06347bfe2ccb6d1b5f7bd7f  锚点 3 -> 3  页码范围 1-1 -> 1-1  表格改页 0  分块改页 0
[271/5900] 0c5cd989744a0e8bc9de8e7967387d60  锚点 2569 -> 5333  页码范围 1-792 -> 1-792  表格改页 110  分块改页 633
[273/5900] 0c982e7f8948e5a95955b293d425f9c4  锚点 15 -> 17  页码范围 1-3 -> 1-3  表格改页 0  分块改页 0
[276/5900] 0cdbd612f62ac7b4da160f2cd5865728  锚点 7 -> 7  页码范围 1-1 -> 1-1  表格改页 0  分块改页 0
[277/5900] 0cdc6646966d7d0b978395d5b1b4ff4a  锚点 2 -> 2  页码范围 1-1 -> 1-1  表格改页 0  分块改页 0
[278/5900] 0ce530835dd2c646ead26a8de97bd3f1  锚点 4 -> 4  页码范围 1-1 -> 1-1  表格改页 0  分块改页 0
[280/5900] 0cfd52838dfe8f157fd94434c9c91c61  锚点 7 -> 7  页码范围 1-1 -> 1-1  表格改页 0  分块改页 0
[281/5900] 0d0cd0a60955f217daccb57702c69f9a  锚点 3 -> 3  页码范围 1-1 -> 1-1  表格改页 0  分块改页 0
[282/5900] 0d294c96d12981827137357d1e2617a3  锚点 1 -> 1  页码范围 1-1 -> 1-1  表格改页 0  分块改页 0
[283/5900] 0d3702d8c833f7b6a88babf0438bf00a  锚点 12 -> 12  页码范围 1-2 -> 1-2  表格改页 0  分块改页 0
[284/5900] 0d4ae7d73d820ac025e2019575ed68e7  锚点 15 -> 15  页码范围 1-2 -> 1-2  表格改页 0  分块改页 0
[285/5900] 0d5ca30385b1b2a28c34608304a33a2d  锚点 17 -> 18  页码范围 1-4 -> 1-4  表格改页 0  分块改页 0
[286/5900] 0d6d5ecaeeb307b04c8a580a2623900e  锚点 19 -> 19  页码范围 1-4 -> 1-4  表格改页 0  分块改页 0
[287/5900] 0d7f282c3a2e23f6347c1135caea493b  锚点 12 -> 12  页码范围 1-2 -> 1-2  表格改页 0  分块改页 0
[288/5900] 0d84fb5b89623348a13086f0a0cc4a71  锚点 3 -> 3  页码范围 1-1 -> 1-1  表格改页 0  分块改页 0
[289/5900] 0da2ccc2af9581e5a0670eecb0cae84e  锚点 15 -> 15  页码范围 1-3 -> 1-3  表格改页 0  分块改页 0
[290/5900] 0dcc1df1ec628b63d5554460e1f1e1a4  锚点 15 -> 18  页码范围 1-32 -> 1-32  表格改页 0  分块改页 0
[291/5900] 0dcdd329657b0dd12f5f64e8f1526815  锚点 19 -> 20  页码范围 1-4 -> 1-4  表格改页 0  分块改页 0
[292/5900] 0ddeda3a19b96930e096414d25a6e689  锚点 15 -> 15  页码范围 1-2 -> 1-2  表格改页 0  分块改页 0
[293/5900] 0de117e268e790a0b8b9897b7cb4aa09  锚点 1159 -> 1637  页码范围 1-259 -> 1-259  表格改页 6  分块改页 23
[294/5900] 0de39e9157609e3012e087aaaf300768  锚点 9 -> 9  页码范围 1-2 -> 1-2  表格改页 0  分块改页 0
[295/5900] 0de518b740ccb12b7585da0577539268  锚点 12 -> 12  页码范围 1-2 -> 1-2  表格改页 0  分块改页 0
[296/5900] 0de680b32831bf95c5467ef57a75502e  锚点 15 -> 15  页码范围 1-3 -> 1-3  表格改页 0  分块改页 0
[297/5900] 0dec9ff1b08cb3ae375e3f8c20d813a8  锚点 1 -> 1  页码范围 1-1 -> 1-1  表格改页 0  分块改页 0
[298/5900] 0df0a0111653ab5caf1eb09316c0a508  锚点 1 -> 1  页码范围 1-1 -> 1-1  表格改页 0  分块改页 0
[299/5900] 0df3e7cd73a36b27f81f067ef2a6cf37  锚点 2 -> 2  页码范围 1-1 -> 1-1  表格改页 0  分块改页 0
[300/5900] 0df5c00659f6e0596e7ecfffc81c931b  锚点 19 -> 19  页码范围 1-3 -> 1-3  表格改页 0  分块改页 0
[301/5900] 0e022792a6d59e8d7e6e8602a97c6056  锚点 13 -> 14  页码范围 1-3 -> 1-3  表格改页 0  分块改页 0
[302/5900] 0e1806e028311d8adc94cd8f6859e48e  锚点 4247 -> 5133  页码范围 1-800 -> 1-800  表格改页 14  分块改页 80
[303/5900] 0e2a4eb844e6a0d3e8f93c9f98b89bef  锚点 2 -> 2  页码范围 1-1 -> 1-1  表格改页 0  分块改页 0
[304/5900] 0e32510072f6e2158ad5477a8a142024  锚点 2 -> 2  页码范围 1-1 -> 1-1  表格改页 0  分块改页 0
[306/5900] 0e3fd1f062da67896c9a0e03824b91ae  锚点 94 -> 95  页码范围 1-14 -> 1-14  表格改页 0  分块改页 0
[307/5900] 0e50087951518ec53056ac3effbf3a5c  锚点 2 -> 2  页码范围 1-1 -> 1-1  表格改页 0  分块改页 0
[308/5900] 0e5b12b7901676956751e32522aed3e0  锚点 18 -> 18  页码范围 1-3 -> 1-3  表格改页 0  分块改页 0
[310/5900] 0e789464ea2f3b5b6a1e77a70876d11a  锚点 1 -> 1  页码范围 1-1 -> 1-1  表格改页 0  分块改页 0
[311/5900] 0e870a37133658ada6971ed5842136cc  锚点 3 -> 3  页码范围 1-1 -> 1-1  表格改页 0  分块改页 0
[312/5900] 0e8a9d628f0750df809350aa8a450892  锚点 12 -> 12  页码范围 1-1 -> 1-1  表格改页 0  分块改页 0
[313/5900] 0e9737707a1abc458e321c49c3414665  锚点 1 -> 1  页码范围 1-1 -> 1-1  表格改页 0  分块改页 0
[314/5900] 0e979e9371b4f1d9a0cdd27b17502cc6  锚点 15 -> 18  页码范围 1-32 -> 1-32  表格改页 0  分块改页 0
[315/5900] 0ea8521ff1bf22c67ea13138bf4461da  锚点 4 -> 4  页码范围 1-1 -> 1-1  表格改页 0  分块改页 0
[316/5900] 0eb07d77911fc79da5b494a853b5b208  锚点 1029 -> 1333  页码范围 2-284 -> 2-284  表格改页 31  分块改页 947
[317/5900] 0eb869311e52e53f92d3e6549f24474b  锚点 2 -> 2  页码范围 1-1 -> 1-1  表格改页 0  分块改页 0
[318/5900] 0eb95e35bfc50f120826245f58554b4c  锚点 7 -> 7  页码范围 1-1 -> 1-1  表格改页 0  分块改页 0
[319/5900] 0ebcb14fef65f30463c593c943b22798  锚点 330 -> 413  页码范围 1-55 -> 1-55  表格改页 1  分块改页 2
[320/5900] 0ec339736402fcd3ad80b8eb4a6e58bc  锚点 1228 -> 1376  页码范围 1-281 -> 1-281  表格改页 15  分块改页 31
[321/5900] 0ec9aab0b75a45958ba79164aa57ff4c  锚点 445 -> 531  页码范围 1-117 -> 1-117  表格改页 22  分块改页 255
[322/5900] 0ecccee482aaea919a8eefd151baab17  锚点 3 -> 3  页码范围 1-1 -> 1-1  表格改页 0  分块改页 0
[323/5900] 0ee1ad9f859892361e36aee54a3e2dda  锚点 6 -> 6  页码范围 1-1 -> 1-1  表格改页 0  分块改页 0
[324/5900] 0ee6559822c20f762746858e59c2e9cb  锚点 1780 -> 2095  页码范围 1-361 -> 1-361  表格改页 1  分块改页 21
[325/5900] 0ee7409fa820a2695897130149074353  锚点 4 -> 4  页码范围 1-1 -> 1-1  表格改页 0  分块改页 0
[326/5900] 0eef6d2ab09678ef105c193233317e5d  锚点 118 -> 188  页码范围 1-106 -> 1-106  表格改页 2  分块改页 17
[327/5900] 0eeffbe7c68ceef2bcb220ca3c89e28d  锚点 2 -> 2  页码范围 1-1 -> 1-1  表格改页 0  分块改页 0
[328/5900] 0ef39f7128b3e5f9564969b562587f8b  锚点 27 -> 34  页码范围 1-6 -> 1-6  表格改页 0  分块改页 0
[329/5900] 0f2b3dd2159ecfe2a9c9f90070bc3294  锚点 15 -> 15  页码范围 1-2 -> 1-2  表格改页 0  分块改页 0
[330/5900] 0f3e2fb7feb1c223163e29acef2db5ae  锚点 3 -> 3  页码范围 1-1 -> 1-1  表格改页 0  分块改页 0
[331/5900] 0f417ce4cb6dc34355c5f28f2ffd5fc3  锚点 12 -> 12  页码范围 1-2 -> 1-2  表格改页 0  分块改页 0
[332/5900] 0f471aebd5453e92b6ce5bf3e895b846  锚点 3 -> 3  页码范围 1-1 -> 1-1  表格改页 0  分块改页 0
[333/5900] 0f55ccdbf6890eaae50f1fc9fd07bf18  锚点 15 -> 18  页码范围 1-32 -> 1-32  表格改页 0  分块改页 0
[334/5900] 0f5b528ad3e3bd3e544dba43e47b22a9  锚点 15 -> 15  页码范围 1-2 -> 1-2  表格改页 0  分块改页 0
[335/5900] 0f5c2979896825c47cd347530805c2fb  锚点 4 -> 4  页码范围 1-1 -> 1-1  表格改页 0  分块改页 0
[336/5900] 0f6923e820d6b83a8bb4d876ab10a23c  锚点 3 -> 3  页码范围 1-1 -> 1-1  表格改页 0  分块改页 0
[337/5900] 0f8a8eb6de7ed38e59bd975d6cc7202b  锚点 1663 -> 2026  页码范围 1-418 -> 1-424  表格改页 44  分块改页 471
[338/5900] 0fba5c1995da0becbb8e5e3c7d3a8a66  锚点 15 -> 15  页码范围 1-2 -> 1-2  表格改页 0  分块改页 0
[339/5900] 0fbc8f63e85ea78b510671d0370d672a  锚点 1 -> 1  页码范围 1-1 -> 1-1  表格改页 0  分块改页 0
[340/5900] 0fe885b1a8895ed63f320d7ed1524c8a  锚点 7 -> 7  页码范围 1-1 -> 1-1  表格改页 0  分块改页 0
[341/5900] 0fef1b58566b6d2cb617d9ac4a674a59  锚点 94 -> 95  页码范围 1-14 -> 1-14  表格改页 0  分块改页 0
[342/5900] 0ffe297c6110d75495019d69d1efc8a8  锚点 11 -> 13  页码范围 1-4 -> 1-4  表格改页 0  分块改页 0
[343/5900] 100304f7432cf68fa0d3c2cdcfe39f9f  锚点 13 -> 15  页码范围 1-4 -> 1-5  表格改页 2  分块改页 3
[344/5900] 100b3309ba550ac93d853a2062235d30  锚点 1744 -> 2017  页码范围 2-369 -> 2-369  表格改页 14  分块改页 214
[345/5900] 102ec73b5607d13cdcd11b447726243a  锚点 4 -> 4  页码范围 1-1 -> 1-1  表格改页 0  分块改页 0
[346/5900] 102f3f1f5fd14261e97f6aa49c8f352d  锚点 7 -> 7  页码范围 1-1 -> 1-1  表格改页 0  分块改页 0
[347/5900] 102f7de75a7dd32ba7b6bb0f7c09875f  锚点 2 -> 2  页码范围 1-1 -> 1-1  表格改页 0  分块改页 0
[349/5900] 10621fd705955bd8c981947a2fde59dc  锚点 27 -> 28  页码范围 1-6 -> 1-6  表格改页 0  分块改页 0
[350/5900] 1069abca365321e8d2bc2d942752e82b  锚点 4 -> 4  页码范围 1-1 -> 1-1  表格改页 0  分块改页 0
[351/5900] 1069f93176ee6e812b101716d967be6d  锚点 2 -> 2  页码范围 1-1 -> 1-1  表格改页 0  分块改页 0
[352/5900] 107f1f882e385a63b07d97a25a5f18d7  锚点 3 -> 3  页码范围 1-1 -> 1-1  表格改页 0  分块改页 0
[353/5900] 107f3473b20b6137da94e4609b55bfe0  锚点 12 -> 12  页码范围 1-2 -> 1-2  表格改页 0  分块改页 0
[354/5900] 1089b6cef6316186c73f26e50f88e3d2  锚点 12 -> 12  页码范围 1-2 -> 1-2  表格改页 0  分块改页 0
[355/5900] 10970d805b012581199a617ddf28c8d2  锚点 15 -> 15  页码范围 1-2 -> 1-2  表格改页 0  分块改页 0
[356/5900] 10be7b69376d9a4b8e2f3453763c8940  锚点 12 -> 12  页码范围 1-2 -> 1-2  表格改页 0  分块改页 0
[357/5900] 10e121019dbce2e8139ff82aa6902ecf  锚点 15 -> 18  页码范围 1-32 -> 1-32  表格改页 0  分块改页 0
[358/5900] 10ed02f0e94455a137096df41592f8f1  锚点 19 -> 19  页码范围 1-3 -> 1-3  表格改页 0  分块改页 0
[359/5900] 10efeb4b2f707c0e588ab689eb6c6971  锚点 4 -> 4  页码范围 1-1 -> 1-1  表格改页 0  分块改页 0
[360/5900] 10f6c2752362c08f0d3ae571d395571c  锚点 15 -> 15  页码范围 1-2 -> 1-2  表格改页 0  分块改页 0
[361/5900] 11098ed99b38ab3dfec0d06511ed7736  锚点 782 -> 877  页码范围 3-106 -> 3-106  表格改页 0  分块改页 2
[362/5900] 110ff955603a0dd463d092d1ae9778c8  锚点 1 -> 1  页码范围 1-1 -> 1-1  表格改页 0  分块改页 0
[363/5900] 1120db38382fdb278105f35f37bfa1b7  锚点 1575 -> 2130  页码范围 1-446 -> 1-446  表格改页 85  分块改页 767
[364/5900] 1121c3ac5f48a87acdb42051f344595c  锚点 2 -> 2  页码范围 1-1 -> 1-1  表格改页 0  分块改页 0
[365/5900] 1122d9a254a8fd8059df784cf3c629cb  锚点 1079 -> 1218  页码范围 1-199 -> 1-199  表格改页 0  分块改页 14
[366/5900] 112442cfa69abd9a31f1f112f04db7df  锚点 12 -> 12  页码范围 1-2 -> 1-2  表格改页 0  分块改页 0
[367/5900] 11275c1e2d8ea3f1848cc07ae5da9b5f  锚点 2 -> 2  页码范围 1-1 -> 1-1  表格改页 0  分块改页 0
[368/5900] 112e722085332844ef00b14cf3faba28  锚点 3 -> 3  页码范围 1-1 -> 1-1  表格改页 0  分块改页 0
[369/5900] 113f174a63d4b0ed371ef2b6d658c255  锚点 3 -> 3  页码范围 1-1 -> 1-1  表格改页 0  分块改页 0
[370/5900] 114bd448075afbbdd16ce248c4cf7e71  锚点 9 -> 9  页码范围 1-2 -> 1-2  表格改页 0  分块改页 0
[371/5900] 114d5466aeb70f49a4c74c96c0ed4f56  锚点 5 -> 5  页码范围 1-1 -> 1-1  表格改页 0  分块改页 0
[372/5900] 114d903d1888034bb604055ebf5f8e04  锚点 2 -> 2  页码范围 1-1 -> 1-1  表格改页 0  分块改页 0
[373/5900] 1151ddff9449fb4a8621fc0263fd7a97  锚点 12 -> 12  页码范围 1-1 -> 1-1  表格改页 0  分块改页 0
[374/5900] 115a1ab5551d0eff6f76b478ee567fab  锚点 35 -> 35  页码范围 1-6 -> 1-6  表格改页 0  分块改页 0
[375/5900] 1176d6980f17fdb0a81da55f447ac796  锚点 1 -> 1  页码范围 1-1 -> 1-1  表格改页 0  分块改页 0
[376/5900] 118178406caf5eaf97f2430df4456a4e  锚点 3 -> 3  页码范围 1-1 -> 1-1  表格改页 0  分块改页 0
[377/5900] 1189f470ad9ef67f31a80b77967736cb  锚点 15 -> 18  页码范围 1-32 -> 1-32  表格改页 0  分块改页 0
[378/5900] 118cc3b2d72442ac0309bca4df1f8694  锚点 1756 -> 2641  页码范围 1-389 -> 1-390  表格改页 76  分块改页 245
[379/5900] 119a49ef9401c42a74f52e52743773ee  锚点 2 -> 2  页码范围 1-1 -> 1-1  表格改页 0  分块改页 0
[380/5900] 119e1b314628a1110246b169dc361b66  锚点 2 -> 2  页码范围 1-1 -> 1-1  表格改页 0  分块改页 0
[381/5900] 11a5c6c17efc61fb67bb58e2b74f3bfb  锚点 19 -> 19  页码范围 1-10 -> 1-10  表格改页 0  分块改页 0
[382/5900] 11af24cfd23bfe45e9cb63ac5ab2e879  锚点 353 -> 462  页码范围 1-104 -> 1-104  表格改页 9  分块改页 26
[383/5900] 11b1d52e9a8fb96f6c7c248b692ef7e1  锚点 15 -> 15  页码范围 1-2 -> 1-2  表格改页 0  分块改页 0
[384/5900] 11c19ab4d718bf459bff2e281b2a3b7a  锚点 1602 -> 2986  页码范围 1-499 -> 1-499  表格改页 77  分块改页 248
[385/5900] 11c50b9c95f6de942361a6a652100719  锚点 15 -> 15  页码范围 1-2 -> 1-2  表格改页 0  分块改页 0
[386/5900] 11ce85359c9ecc5b9594edd2e23fa3d7  锚点 9 -> 9  页码范围 1-3 -> 1-3  表格改页 0  分块改页 0
[387/5900] 11e90005d7e6ca834307898acceb4d49  锚点 19 -> 19  页码范围 1-10 -> 1-10  表格改页 0  分块改页 0
[388/5900] 11ecb618c8173efbd53eda3442a280fe  锚点 110 -> 110  页码范围 1-22 -> 1-22  表格改页 0  分块改页 0
[389/5900] 1202d400c024a92453f863b50858cef4  锚点 1029 -> 1096  页码范围 1-258 -> 1-258  表格改页 13  分块改页 25
[390/5900] 1208453dd8d2531fbc0150406e2122f2  锚点 1 -> 1  页码范围 1-1 -> 1-1  表格改页 0  分块改页 0
[391/5900] 1226262599e23e9a5ef7cf106c0482c5  锚点 4 -> 4  页码范围 1-1 -> 1-1  表格改页 0  分块改页 0
[392/5900] 122f6e024f5547f03606280bb0a57c51  锚点 19 -> 19  页码范围 1-10 -> 1-10  表格改页 0  分块改页 0
[393/5900] 12361f0b7756013d65f4fa442f947760  锚点 4 -> 4  页码范围 1-1 -> 1-1  表格改页 0  分块改页 0
[396/5900] 125491f3e6d8117898a39b10d20fee55  锚点 6 -> 6  页码范围 1-1 -> 1-1  表格改页 0  分块改页 0
[397/5900] 12554fd125ba01418ddac37a7dc0c3de  锚点 4 -> 4  页码范围 1-2 -> 1-2  表格改页 0  分块改页 0
[398/5900] 1259eedfbfef88d76f8736c29c0bc1b5  锚点 2 -> 2  页码范围 1-1 -> 1-1  表格改页 0  分块改页 0
[399/5900] 125c67f45a5171b1038cc7f3747d28f3  锚点 19 -> 20  页码范围 1-4 -> 1-4  表格改页 0  分块改页 0
[400/5900] 1270ece4be9f1e728c47b58764be19c5  锚点 278 -> 439  页码范围 1-80 -> 1-80  表格改页 9  分块改页 38
  ... 进度 400/5900（7%） 变更 378  失败 0
[401/5900] 1273d491d0ab9d6eec660537ab2f193e  锚点 8 -> 8  页码范围 1-2 -> 1-2  表格改页 0  分块改页 0
[402/5900] 1293dc8e7b42a7dfc1b791dccdec062a  锚点 19 -> 19  页码范围 1-10 -> 1-10  表格改页 0  分块改页 0
[403/5900] 12ac20c431fc0336c91a627ab56b4843  锚点 15 -> 18  页码范围 1-32 -> 1-32  表格改页 0  分块改页 0
[404/5900] 12bc518e57c8d87ce9a7845023c4ff87  锚点 3 -> 3  页码范围 1-1 -> 1-1  表格改页 0  分块改页 0
[405/5900] 12bcd9e8f230fbb6e055beb69a5b1708  锚点 15 -> 15  页码范围 1-2 -> 1-2  表格改页 0  分块改页 0
[406/5900] 12e927b8cec2af1328ec4efb5b0d236b  锚点 12 -> 12  页码范围 1-2 -> 1-2  表格改页 0  分块改页 0
[408/5900] 12f81f8edf39d07a3c8a5ed9034b92d6  锚点 15 -> 15  页码范围 1-2 -> 1-2  表格改页 0  分块改页 0
[409/5900] 12f840c13cfff27db0bcab07e9558d87  锚点 9 -> 10  页码范围 1-2 -> 1-2  表格改页 0  分块改页 0
[410/5900] 12f87224df54c46fc49dfa0ddf5853d6  锚点 12 -> 13  页码范围 1-2 -> 1-2  表格改页 0  分块改页 1
[411/5900] 12ff65e1983c84799c4286650e35ee12  锚点 1166 -> 1333  页码范围 1-225 -> 1-225  表格改页 10  分块改页 35
[412/5900] 1312223ea54ed4b68964899a58e8ef9c  锚点 28 -> 28  页码范围 1-4 -> 1-4  表格改页 0  分块改页 0
[413/5900] 1316b12dc239fd85d25c465234348c12  锚点 7 -> 7  页码范围 1-1 -> 1-1  表格改页 0  分块改页 0
[414/5900] 131d244838f50f0d8b98f546568f65f4  锚点 1105 -> 1245  页码范围 1-214 -> 1-214  表格改页 0  分块改页 10
[415/5900] 131d2c0e68a46e2ebe17f3ae9e64c57b  锚点 15 -> 15  页码范围 1-2 -> 1-2  表格改页 0  分块改页 0
[416/5900] 1327821cfbedfa4736eb252585f58fb7  锚点 15 -> 15  页码范围 1-2 -> 1-2  表格改页 0  分块改页 0
[417/5900] 1329d85aa90ff91d5402f01da1c46226  锚点 17 -> 17  页码范围 1-2 -> 1-2  表格改页 0  分块改页 0
[418/5900] 133f5d7be37622113a932d5798fb57f4  锚点 10 -> 10  页码范围 1-2 -> 1-2  表格改页 0  分块改页 0
[419/5900] 134cebb5cb5dda3ddaf7a4cc4a93ca57  锚点 1275 -> 1611  页码范围 1-314 -> 1-314  表格改页 12  分块改页 53
[420/5900] 134d64f0be1dba1c1344159719b0c8c5  锚点 1 -> 1  页码范围 1-1 -> 1-1  表格改页 0  分块改页 0
[421/5900] 135690596a2a1d83fc43665b071d86c4  锚点 15 -> 15  页码范围 1-2 -> 1-2  表格改页 0  分块改页 0
[422/5900] 135b58de92d5ce4b28ae80ca5eb0056b  锚点 94 -> 95  页码范围 1-14 -> 1-14  表格改页 0  分块改页 0
[423/5900] 136793da6e674874bd320ac280aaa200  锚点 461 -> 574  页码范围 1-86 -> 1-86  表格改页 12  分块改页 33
[424/5900] 1368037580b31a03c1f4b11788e79fa9  锚点 94 -> 95  页码范围 1-14 -> 1-14  表格改页 0  分块改页 0
[425/5900] 1378f9065adaaf356b459592ded2e724  锚点 16 -> 16  页码范围 1-3 -> 1-3  表格改页 0  分块改页 0
[426/5900] 137b0ba1d8b64e20c9e07dfd569aa14c  锚点 1200 -> 1276  页码范围 2-226 -> 2-226  表格改页 7  分块改页 16
[427/5900] 13a03645c5056a0b3acc02b6cb229392  锚点 1 -> 1  页码范围 1-1 -> 1-1  表格改页 0  分块改页 0
[428/5900] 13a19f97037fd9368586f85c2e3d309b  锚点 4 -> 4  页码范围 1-1 -> 1-1  表格改页 0  分块改页 0
[429/5900] 13b3b42929cf29179ebb0d036a1f3be9  锚点 4 -> 4  页码范围 1-1 -> 1-1  表格改页 0  分块改页 0
[430/5900] 13bf4551a961ed02e33d2bd12195badd  锚点 3 -> 3  页码范围 1-1 -> 1-1  表格改页 0  分块改页 0
[431/5900] 13c173292aed394a01d2c399e74546e2  锚点 12 -> 12  页码范围 1-1 -> 1-1  表格改页 0  分块改页 0
[432/5900] 13cfb58cacc2d9c390830ed5517caa55  锚点 12 -> 12  页码范围 1-2 -> 1-2  表格改页 0  分块改页 0
[433/5900] 13d144b25c0c46b59d330f0aefaf7375  锚点 12 -> 12  页码范围 1-2 -> 1-2  表格改页 0  分块改页 0
[434/5900] 13d25d57bc8ae6f366af2bdb93103965  锚点 15 -> 15  页码范围 1-2 -> 1-2  表格改页 0  分块改页 0
[435/5900] 13dc0935d9eec329b26d92dbcc351ade  锚点 15 -> 15  页码范围 1-2 -> 1-2  表格改页 0  分块改页 0
[436/5900] 13e17d74482edf446e9f939c6d429adc  锚点 29 -> 30  页码范围 1-6 -> 1-6  表格改页 0  分块改页 0
[437/5900] 13e6b3f6b8e7469b07729778641285a6  锚点 2 -> 2  页码范围 1-1 -> 1-1  表格改页 0  分块改页 0
[438/5900] 13fdb4f28161c5d490e5afcd0dfb7fe8  锚点 2 -> 2  页码范围 1-2 -> 1-2  表格改页 0  分块改页 0
[439/5900] 13ff1122b933b6b86905973b953f07aa  锚点 1 -> 1  页码范围 1-1 -> 1-1  表格改页 0  分块改页 0
[440/5900] 1400a4bc3743dc17ad1f90a3c2c7447b  锚点 2 -> 2  页码范围 1-1 -> 1-1  表格改页 0  分块改页 0
[441/5900] 142a2ea66a0ec9bdc7d83bc3136f3349  锚点 3 -> 3  页码范围 1-1 -> 1-1  表格改页 0  分块改页 0
[442/5900] 142bbf9e2a2b14e13365fb88f75c3179  锚点 15 -> 18  页码范围 1-32 -> 1-32  表格改页 0  分块改页 0
[443/5900] 142f6f0032af69dd3e7561aa0fe6fede  锚点 1 -> 1  页码范围 1-1 -> 1-1  表格改页 0  分块改页 0
[444/5900] 1443ec4da4e17c18b9531eff88c0a3ad  锚点 15 -> 18  页码范围 1-32 -> 1-32  表格改页 0  分块改页 0
[445/5900] 1445998904e7a772fd261864beddbf03  锚点 3 -> 3  页码范围 1-1 -> 1-1  表格改页 0  分块改页 0
[446/5900] 1449d32d99cf1a3bc0ef4759cdd57ee3  锚点 15 -> 15  页码范围 1-2 -> 1-2  表格改页 0  分块改页 0
[447/5900] 145e65db5340b225552d5f82c232f77a  锚点 15 -> 15  页码范围 1-2 -> 1-2  表格改页 0  分块改页 0
[448/5900] 14929dcf23f26cde03ae1a98f88aced2  锚点 12 -> 12  页码范围 1-2 -> 1-2  表格改页 0  分块改页 0
[449/5900] 1493dc18aa8ff16a046c57460537719f  锚点 919 -> 1345  页码范围 1-166 -> 1-166  表格改页 10  分块改页 22
[450/5900] 14aa65947bbce15cbd5b12b25ea18644  锚点 11 -> 13  页码范围 1-4 -> 1-4  表格改页 0  分块改页 0
[451/5900] 14bdcaa8cae3a0bd954ec882e8905edf  锚点 54 -> 54  页码范围 1-13 -> 1-13  表格改页 0  分块改页 0
[452/5900] 14c16b153be82b55af5fc98eb3a16b79  锚点 56 -> 56  页码范围 1-15 -> 1-15  表格改页 0  分块改页 0
[453/5900] 14ca61001aec4b17cd35616a1d618514  锚点 15 -> 15  页码范围 1-2 -> 1-2  表格改页 0  分块改页 0
[454/5900] 14d178d6642ef5fa748f4814084cde53  锚点 3 -> 3  页码范围 1-1 -> 1-1  表格改页 0  分块改页 0
[455/5900] 14d889fc7374ef961465afe0de921459  锚点 19 -> 19  页码范围 1-10 -> 1-10  表格改页 0  分块改页 0
[456/5900] 14e19594ffc02818c6164ed56e19541a  锚点 6 -> 6  页码范围 1-1 -> 1-1  表格改页 0  分块改页 0
[457/5900] 14ec7303352268031a8ed06938abdefc  锚点 12 -> 12  页码范围 1-2 -> 1-2  表格改页 0  分块改页 0
[458/5900] 14efe1bb5f2c4bccacbcdaf6898146ef  锚点 2 -> 2  页码范围 1-1 -> 1-1  表格改页 0  分块改页 0
[459/5900] 14ff11f6bda614d12b3ceabedcc35432  锚点 1323 -> 2562  页码范围 1-392 -> 1-392  表格改页 53  分块改页 208
[460/5900] 150ab7f07f9c7cfcf00c5126cff9e9c9  锚点 15 -> 15  页码范围 1-2 -> 1-2  表格改页 0  分块改页 0
[461/5900] 15109fab35f82e9841f1f3af9460df54  锚点 2 -> 2  页码范围 1-1 -> 1-1  表格改页 0  分块改页 0
[462/5900] 1513af9c84690d1519f5441882239177  锚点 2 -> 2  页码范围 1-1 -> 1-1  表格改页 0  分块改页 0
[463/5900] 1521fdac0ad420b3f7d37559dc0bf88e  锚点 1 -> 1  页码范围 1-1 -> 1-1  表格改页 0  分块改页 0
[464/5900] 153bab645bd0f79f1ad987895e3d5d5d  锚点 4 -> 4  页码范围 1-1 -> 1-1  表格改页 0  分块改页 0
[465/5900] 1540ecf4d322d32c4dd82d0239f3e348  锚点 9 -> 9  页码范围 1-2 -> 1-2  表格改页 0  分块改页 0
[466/5900] 1543bc1b9ea1ba499cccaf0189845aec  锚点 781 -> 881  页码范围 3-110 -> 3-110  表格改页 0  分块改页 1
[467/5900] 1548f1c0d4d40dd0cd504e1f8ee29f8f  锚点 1 -> 1  页码范围 1-1 -> 1-1  表格改页 0  分块改页 0
[468/5900] 154c56c6fa451be4918dcb70ffd2216a  锚点 3 -> 3  页码范围 1-1 -> 1-1  表格改页 0  分块改页 0
[469/5900] 154ea8219ccfa1ccb21b054c8951841e  锚点 15 -> 18  页码范围 1-32 -> 1-32  表格改页 0  分块改页 0
[470/5900] 155379c4e375d20ff7007867175e827e  锚点 12 -> 12  页码范围 1-2 -> 1-2  表格改页 0  分块改页 0
[471/5900] 1560ba00ade70c97216f174d2fbd18c6  锚点 4 -> 4  页码范围 1-1 -> 1-1  表格改页 0  分块改页 0
[472/5900] 157ad34645c40615dd6153ad5b52497d  锚点 272 -> 376  页码范围 1-62 -> 1-62  表格改页 3  分块改页 6
[473/5900] 1586ee8743d9185c98f7e85f373fab29  锚点 15 -> 15  页码范围 1-2 -> 1-2  表格改页 0  分块改页 0
[474/5900] 158786d1ed2f0f338b3754938438464f  锚点 11 -> 13  页码范围 1-4 -> 1-4  表格改页 0  分块改页 0
[475/5900] 1588863c8a4e7f352aadd8882475ac8f  锚点 1 -> 1  页码范围 1-1 -> 1-1  表格改页 0  分块改页 0
[476/5900] 158bf80079546270cab624db5f3b6a7a  锚点 1 -> 1  页码范围 1-1 -> 1-1  表格改页 0  分块改页 0
[477/5900] 159423fbf22005f9aee8e0e0ed577475  锚点 3012 -> 3291  页码范围 2-459 -> 2-459  表格改页 5  分块改页 32
[479/5900] 15a3446185ac199ab608427f814e671e  锚点 5 -> 5  页码范围 1-3 -> 1-3  表格改页 0  分块改页 0
[480/5900] 15ad340fc7422b0f8b986aca89dd40d6  锚点 1 -> 1  页码范围 1-1 -> 1-1  表格改页 0  分块改页 0
[481/5900] 15c1af4d01fff36a8fd73234a46a1e14  锚点 15 -> 18  页码范围 1-32 -> 1-32  表格改页 0  分块改页 0
[482/5900] 15c30e79f068ff8ca018ba4053d7afdb  锚点 1779 -> 2093  页码范围 1-361 -> 1-361  表格改页 1  分块改页 22
[483/5900] 15c9234d5d6b28223a504ee213444156  锚点 9 -> 10  页码范围 1-2 -> 1-2  表格改页 0  分块改页 0
[484/5900] 15d4f535f7b62d9c972e1c617b799532  锚点 2 -> 2  页码范围 1-1 -> 1-1  表格改页 0  分块改页 0
[485/5900] 15d921458a14f27e0b7861f9ffa7ca81  锚点 1 -> 1  页码范围 1-1 -> 1-1  表格改页 0  分块改页 0
[486/5900] 15e87b8d630024e8cc385211cdaf890d  锚点 3 -> 3  页码范围 1-1 -> 1-1  表格改页 0  分块改页 0
[488/5900] 15fb38b16e3c192b743db047978407a9  锚点 3 -> 3  页码范围 1-1 -> 1-1  表格改页 0  分块改页 0
[489/5900] 15fd3033561be7e4d6a28712af37e1af  锚点 1156 -> 1328  页码范围 1-225 -> 1-225  表格改页 10  分块改页 35
[490/5900] 15fe72651d99ff1dfc6625383cf29ae9  锚点 1 -> 1  页码范围 1-1 -> 1-1  表格改页 0  分块改页 0
[491/5900] 1606ce3a6ad18f6f4693aff3e09cd132  锚点 15 -> 15  页码范围 1-2 -> 1-2  表格改页 0  分块改页 0
[492/5900] 1607dc76c6ecfd7dcd354ef72a094c9f  锚点 12 -> 12  页码范围 1-2 -> 1-2  表格改页 0  分块改页 0
[493/5900] 160a96b9871ea4dce229ecba96fc0297  锚点 169 -> 181  页码范围 1-27 -> 1-27  表格改页 0  分块改页 1
[494/5900] 160c7ad4f23ed454327bd24574c47a16  锚点 12 -> 12  页码范围 1-2 -> 1-2  表格改页 0  分块改页 0
[495/5900] 161f3b1459c5330a5f2b707551f37c5a  锚点 2 -> 2  页码范围 1-1 -> 1-1  表格改页 0  分块改页 0
[496/5900] 16239fb762cb6fe7a56e481a7ce34bc0  锚点 1164 -> 1332  页码范围 1-225 -> 1-225  表格改页 10  分块改页 35
[497/5900] 1624e4f3debf6032fdcdeb7b38460ab4  锚点 10 -> 10  页码范围 1-3 -> 1-3  表格改页 0  分块改页 0
[498/5900] 162ad09a1fa505efbea67aebae8500fc  锚点 1 -> 1  页码范围 1-1 -> 1-1  表格改页 0  分块改页 0
[500/5900] 1635f0bbb364b8568fa76b412c6d171a  锚点 736 -> 905  页码范围 2-201 -> 2-201  表格改页 3  分块改页 22
[501/5900] 1640b758dc44f97a7c5162bc9febe641  锚点 896 -> 1455  页码范围 1-208 -> 1-208  表格改页 13  分块改页 36
[502/5900] 1648c6390e4d9f6afcd885f2d75e9793  锚点 11 -> 11  页码范围 1-2 -> 1-2  表格改页 0  分块改页 0
[503/5900] 164ef04d18ef32c6c951a0dc1cad05f2  锚点 2 -> 2  页码范围 1-1 -> 1-1  表格改页 0  分块改页 0
[504/5900] 16565a2dcf0ab07afd2a8418a89fde7f  锚点 9 -> 9  页码范围 1-2 -> 1-2  表格改页 0  分块改页 0
[505/5900] 1657260a0b6ce9e1d514e38c636bf8fd  锚点 15 -> 15  页码范围 1-2 -> 1-2  表格改页 0  分块改页 0
[506/5900] 167a12483cd3dac658d2d344200b195b  锚点 2 -> 2  页码范围 1-1 -> 1-1  表格改页 0  分块改页 0
[507/5900] 167ce1a9fc971a040c875adb5d176a0e  锚点 15 -> 15  页码范围 1-2 -> 1-2  表格改页 0  分块改页 0
[508/5900] 168b67f7959a5345fbbc71224f8fb104  锚点 2 -> 2  页码范围 1-1 -> 1-1  表格改页 0  分块改页 0
[509/5900] 168f1debdc599cde9f52d882351c6d9c  锚点 1 -> 1  页码范围 1-1 -> 1-1  表格改页 0  分块改页 0
[510/5900] 16995edca58535edc589d74806d8d976  锚点 183 -> 197  页码范围 1-43 -> 1-43  表格改页 0  分块改页 0
[511/5900] 16a970a1b4c8a8e9f7fdaf50abe92ec7  锚点 2 -> 2  页码范围 1-1 -> 1-1  表格改页 0  分块改页 0
[512/5900] 16ade91b0a5285558795a1a2db8aecc0  锚点 469 -> 765  页码范围 1-216 -> 1-216  表格改页 5  分块改页 278
[513/5900] 16b09e528aa580f6ad304a1551f65816  锚点 2 -> 2  页码范围 1-1 -> 1-1  表格改页 0  分块改页 0
[514/5900] 16be81ca9414a93eff4900cb9068d707  锚点 1585 -> 2105  页码范围 1-455 -> 1-466  表格改页 92  分块改页 560
[515/5900] 16c7a54268fbf3679b0c0d5c6803f9fe  锚点 27 -> 28  页码范围 1-6 -> 1-6  表格改页 0  分块改页 0
[516/5900] 16cbb740b18d3bb0272e2175d2af8560  锚点 4 -> 4  页码范围 1-1 -> 1-1  表格改页 0  分块改页 0
[517/5900] 16ce4fe66c29b2dc96b0ce30a420d8b3  锚点 1 -> 1  页码范围 1-1 -> 1-1  表格改页 0  分块改页 0
[518/5900] 16e3c5147847543c7e7c694ca11781cc  锚点 9 -> 9  页码范围 1-2 -> 1-2  表格改页 0  分块改页 0
[519/5900] 16e799d244bda3f3380f587d6329503f  锚点 3 -> 3  页码范围 1-1 -> 1-1  表格改页 0  分块改页 0
[520/5900] 16ef6c0d0ee42a4503a951f42d599145  锚点 2 -> 2  页码范围 1-1 -> 1-1  表格改页 0  分块改页 0
[522/5900] 1701fae92839eeab34a05d70f6aacdd5  锚点 3 -> 3  页码范围 1-1 -> 1-1  表格改页 0  分块改页 0
[523/5900] 170572bcdd0acc9b3537e6957129bf55  锚点 2 -> 2  页码范围 1-1 -> 1-1  表格改页 0  分块改页 0
[524/5900] 1720df9646cf2175034ef2118a7e9335  锚点 1 -> 1  页码范围 1-1 -> 1-1  表格改页 0  分块改页 0
[525/5900] 1730b6e032d0430c4d7b2b9a45bb1f34  锚点 3 -> 3  页码范围 1-1 -> 1-1  表格改页 0  分块改页 0
[526/5900] 173b671b8e77aab171f3ac42e8d1c1e5  锚点 15 -> 15  页码范围 1-2 -> 1-2  表格改页 0  分块改页 0
[527/5900] 173e7fb096b172a42256e7e11da498ca  锚点 12 -> 12  页码范围 1-2 -> 1-2  表格改页 0  分块改页 0
[528/5900] 1759954efb4730a9b62f8dc11a0b85c6  锚点 2 -> 2  页码范围 1-1 -> 1-1  表格改页 0  分块改页 0
[529/5900] 175ca91473cac48cf08642c7f8f6d502  锚点 24 -> 24  页码范围 1-6 -> 1-6  表格改页 0  分块改页 0
[530/5900] 176ce3cdb0f2fe72f51fb9f5b7df2713  锚点 3 -> 3  页码范围 1-1 -> 1-1  表格改页 0  分块改页 0
[531/5900] 1772d76df508e783903d9666d9f2cfcc  锚点 94 -> 95  页码范围 1-14 -> 1-14  表格改页 0  分块改页 0
[532/5900] 1772dc902d730b2f6e5844ef803a219a  锚点 3 -> 3  页码范围 1-1 -> 1-1  表格改页 0  分块改页 0
[533/5900] 177a70592dcb6aec0d8bd9f1232e309e  锚点 15 -> 15  页码范围 1-2 -> 1-2  表格改页 0  分块改页 0
[535/5900] 177e8eaa53ea30977efcb6224a1cdf55  锚点 19 -> 19  页码范围 1-3 -> 1-3  表格改页 0  分块改页 0
[536/5900] 1782bc6f588ca3a1e357e1532ece983a  锚点 1 -> 1  页码范围 1-1 -> 1-1  表格改页 0  分块改页 0
[537/5900] 17986e8b0c8b7aa0433ec759e677a9d9  锚点 11 -> 11  页码范围 1-2 -> 1-2  表格改页 0  分块改页 0
[538/5900] 17994a1281fd8cb613afa2ab4e4eeef7  锚点 11 -> 13  页码范围 1-4 -> 1-4  表格改页 0  分块改页 0
[539/5900] 17a0ce8241e5411dd0d10997d6257045  锚点 15 -> 15  页码范围 1-2 -> 1-2  表格改页 0  分块改页 0
[540/5900] 17a784b3cb000980d7759dcc8904d237  锚点 2 -> 2  页码范围 1-1 -> 1-1  表格改页 0  分块改页 0
[541/5900] 17aa57ef4d807e3b83add0266ed4c385  锚点 9 -> 10  页码范围 1-2 -> 1-2  表格改页 0  分块改页 0
[542/5900] 17b37f682c09baf21352743758d1a27f  锚点 2 -> 2  页码范围 1-1 -> 1-1  表格改页 0  分块改页 0
[543/5900] 17bc49adabc0c2d8e2a66a204d622db9  锚点 4 -> 4  页码范围 1-1 -> 1-1  表格改页 0  分块改页 0
[544/5900] 17bedcd5628da9db87b615c3a751f55b  锚点 3 -> 3  页码范围 1-1 -> 1-1  表格改页 0  分块改页 0
[545/5900] 17c7cf8e79dcbeb905cb5c1a37f8b915  锚点 4 -> 4  页码范围 1-1 -> 1-1  表格改页 0  分块改页 0
[546/5900] 17d0a5e1851cc5fbacb366c535e07c2c  锚点 6 -> 6  页码范围 1-1 -> 1-1  表格改页 0  分块改页 0
[547/5900] 17e6685f41ece4f1945daec302c0714b  锚点 2 -> 2  页码范围 1-1 -> 1-1  表格改页 0  分块改页 0
[548/5900] 17e9a25700764cbd6952014cd45c42cd  锚点 2 -> 2  页码范围 1-1 -> 1-1  表格改页 0  分块改页 0
[549/5900] 17ea1ee3bdf4edf9f854574e05604099  锚点 19 -> 19  页码范围 1-4 -> 1-4  表格改页 0  分块改页 0
[550/5900] 17f01dc2093dfef6dd1ab1b6686770bb  锚点 15 -> 18  页码范围 1-32 -> 1-32  表格改页 0  分块改页 0
[551/5900] 1802c9f5d9021ec85f1d58d6386d01e8  锚点 4 -> 4  页码范围 1-1 -> 1-1  表格改页 0  分块改页 0
[552/5900] 180499f5ba4bc8d7f4c43204ff3374c5  锚点 2 -> 2  页码范围 1-1 -> 1-1  表格改页 0  分块改页 0
[553/5900] 18091795589b2b8f1b5fcca3131821fa  锚点 1477 -> 1697  页码范围 2-314 -> 2-314  表格改页 20  分块改页 130
[554/5900] 18170e45552b16eeb1f7a3290c78739a  锚点 2 -> 2  页码范围 1-1 -> 1-1  表格改页 0  分块改页 0
[555/5900] 182828a6a308e253cde6c8f4d9d754b0  锚点 19 -> 19  页码范围 1-4 -> 1-4  表格改页 0  分块改页 0
[556/5900] 1835d32a904435e8403f4d7a6f3a9554  锚点 12 -> 12  页码范围 1-2 -> 1-2  表格改页 0  分块改页 0
[557/5900] 183dea5cc9a09656b76dbfaafe2026d5  锚点 5 -> 5  页码范围 1-1 -> 1-1  表格改页 0  分块改页 0
[558/5900] 184b583d22b7d9dad23e2bc98a1a9b6c  锚点 584 -> 936  页码范围 1-193 -> 1-193  表格改页 45  分块改页 109
[559/5900] 184c750d4a2c2c06bf24da62d8b69cf7  锚点 3 -> 3  页码范围 1-1 -> 1-1  表格改页 0  分块改页 0
[560/5900] 1852990f30bc1aed5bce8e5716358d02  锚点 19 -> 19  页码范围 1-10 -> 1-10  表格改页 0  分块改页 0
[561/5900] 18533f39052a020ac1d40c3f5b48c12d  锚点 16 -> 16  页码范围 1-2 -> 1-2  表格改页 0  分块改页 0
[562/5900] 1887c8b5a8abdd44dd56d454dc6aa67f  锚点 4 -> 4  页码范围 1-1 -> 1-1  表格改页 0  分块改页 0
[563/5900] 189581d9fc0f3e5584f6f2c2ab708aa7  锚点 983 -> 1114  页码范围 2-240 -> 2-240  表格改页 8  分块改页 20
[564/5900] 189a8ed34c8c9ee256a3e9b00c8dcaa1  锚点 2 -> 2  页码范围 1-1 -> 1-1  表格改页 0  分块改页 0
[565/5900] 18b983c32881c1e3a6b72ee41981ad24  锚点 3 -> 3  页码范围 1-1 -> 1-1  表格改页 0  分块改页 0
[566/5900] 18da664ade97923527a457a42ec94790  锚点 7 -> 7  页码范围 1-7 -> 1-7  表格改页 0  分块改页 0
[567/5900] 18dc9f3ac18650e2f4b83c5cba3713de  锚点 2 -> 2  页码范围 1-1 -> 1-1  表格改页 0  分块改页 0
[568/5900] 18df8cc4f7f276147a9f65b3bc97db9b  锚点 1218 -> 1680  页码范围 1-336 -> 1-336  表格改页 90  分块改页 1488
[569/5900] 18e9cea1e6cb7b320a941db654b27496  锚点 12 -> 12  页码范围 1-2 -> 1-2  表格改页 0  分块改页 0
[570/5900] 18f7f6c5ac7a262562158bf4df336c57  锚点 1 -> 1  页码范围 1-1 -> 1-1  表格改页 0  分块改页 0
[571/5900] 18f900d93cc42078f376955af77e802d  锚点 7 -> 7  页码范围 1-1 -> 1-1  表格改页 0  分块改页 0
[572/5900] 190ad18fed658173d08269c9f642c9a2  锚点 15 -> 18  页码范围 1-32 -> 1-32  表格改页 0  分块改页 0
[573/5900] 191426d5f8c5372be9537a973b8e852e  锚点 1 -> 1  页码范围 1-1 -> 1-1  表格改页 0  分块改页 0
[575/5900] 1929f1b880c0c1974e5ae4a99b84fcf2  锚点 15 -> 15  页码范围 1-2 -> 1-2  表格改页 0  分块改页 0
[576/5900] 192a8994d42083580141b27e60244f55  锚点 1 -> 1  页码范围 1-1 -> 1-1  表格改页 0  分块改页 0
[577/5900] 19342fd21c62ff6f142d997aed64d380  锚点 2 -> 2  页码范围 1-1 -> 1-1  表格改页 0  分块改页 0
[578/5900] 19400f5f35e5d1ba98799743abc6c7da  锚点 1 -> 1  页码范围 1-1 -> 1-1  表格改页 0  分块改页 0
[579/5900] 1949a5fbada9d5ef795a1aa26751c20c  锚点 11 -> 11  页码范围 1-2 -> 1-2  表格改页 0  分块改页 0
[580/5900] 1952d76456eec72ced62c1c20525ef84  锚点 18 -> 18  页码范围 1-10 -> 1-10  表格改页 0  分块改页 0
[581/5900] 195e16a5cc3a83dd8f1b78260268216c  锚点 1 -> 1  页码范围 1-1 -> 1-1  表格改页 0  分块改页 0
[582/5900] 1966390d538a92dadaf4e2b2b15714d5  锚点 12 -> 12  页码范围 1-2 -> 1-2  表格改页 0  分块改页 0
[583/5900] 196655f93b9fb3d77e636effab71fa37  锚点 2 -> 2  页码范围 1-1 -> 1-1  表格改页 0  分块改页 0
[585/5900] 197aaa9a5c5915172ab6d87f8700afad  锚点 2 -> 2  页码范围 1-1 -> 1-1  表格改页 0  分块改页 0
[586/5900] 197c176282a059c2aa1075a014fa537c  锚点 4 -> 4  页码范围 1-1 -> 1-1  表格改页 0  分块改页 0
[587/5900] 1992139ea2420b11743cce47120bcde0  锚点 2 -> 2  页码范围 1-1 -> 1-1  表格改页 0  分块改页 0
[588/5900] 1992d99791068f82f38961016bb8b806  锚点 2 -> 2  页码范围 1-1 -> 1-1  表格改页 0  分块改页 0
[589/5900] 1999771f0f5fd84ee93447b924ed4cc0  锚点 19 -> 19  页码范围 1-4 -> 1-4  表格改页 0  分块改页 0
[590/5900] 199ac550ad84e37622cccb12d867f6f1  锚点 1 -> 1  页码范围 1-1 -> 1-1  表格改页 0  分块改页 0
